// Jest Snapshot v1, https://goo.gl/fbAQLP

exports[`<Overall /> should have Overall Standing Page 1`] = `"<div><h2>Overall Standing 2022</h2><div><button class=\\"MuiButton-root MuiButton-text MuiButton-textPrimary MuiButton-sizeMedium MuiButton-textSizeMedium MuiButtonBase-root  css-1e6y48t-MuiButtonBase-root-MuiButton-root\\" tabindex=\\"0\\" type=\\"button\\" id=\\"basic-button\\" aria-haspopup=\\"true\\">Go To Race Results</button></div><div class=\\"MuiTableContainer-root css-rorn0c-MuiTableContainer-root\\"><table class=\\"MuiTable-root css-130xbax-MuiTable-root\\" aria-label=\\"simple table\\"><thead class=\\"MuiTableHead-root css-15wwp11-MuiTableHead-root\\"><tr class=\\"MuiTableRow-root MuiTableRow-head css-1q1u3t4-MuiTableRow-root\\"><th class=\\"MuiTableCell-root MuiTableCell-head MuiTableCell-alignLeft MuiTableCell-sizeMedium css-1ygcj2i-MuiTableCell-root\\" scope=\\"col\\">Position</th><th class=\\"MuiTableCell-root MuiTableCell-head MuiTableCell-alignLeft MuiTableCell-sizeMedium css-1ygcj2i-MuiTableCell-root\\" scope=\\"col\\">Driver</th><th class=\\"MuiTableCell-root MuiTableCell-head MuiTableCell-alignLeft MuiTableCell-sizeMedium css-1ygcj2i-MuiTableCell-root\\" scope=\\"col\\">Date Of Birth</th><th class=\\"MuiTableCell-root MuiTableCell-head MuiTableCell-alignLeft MuiTableCell-sizeMedium css-1ygcj2i-MuiTableCell-root\\" scope=\\"col\\">Nationality</th></tr></thead><tbody class=\\"MuiTableBody-root css-apqrd9-MuiTableBody-root\\"></tbody></table></div></div>"`;
